
  .   ____          _            __ _ _
 /\\ / ___'_ __ _ _(_)_ __  __ _ \ \ \ \
( ( )\___ | '_ | '_| | '_ \/ _` | \ \ \ \
 \\/  ___)| |_)| | | | | || (_| |  ) ) ) )
  '  |____| .__|_| |_|_| |_\__, | / / / /
 =========|_|==============|___/=/_/_/_/

 :: Spring Boot ::                (v4.1.0)

2026-08-20T22:48:29.456+05:30  INFO 21100 --- [librarymanagementsystem] [           main] l.LibrarymanagementsystemApplication     : Starting LibrarymanagementsystemApplication v0.0.1-SNAPSHOT using Java 22.0.1 with PID 21100 (D:\Springboot\librarymanagementsystem\target\librarymanagementsystem-0.0.1-SNAPSHOT.jar started by gourv in D:\Springboot\librarymanagementsystem)
2026-08-20T22:48:29.488+05:30  INFO 21100 --- [librarymanagementsystem] [           main] l.LibrarymanagementsystemApplication     : No active profile set, falling back to 1 default profile: "default"
2026-08-20T22:48:31.276+05:30  INFO 21100 --- [librarymanagementsystem] [           main] .s.d.r.c.RepositoryConfigurationDelegate : Bootstrapping Spring Data JPA repositories in DEFAULT mode.
2026-08-20T22:48:31.387+05:30  INFO 21100 --- [librarymanagementsystem] [           main] .s.d.r.c.RepositoryConfigurationDelegate : Finished Spring Data repository scanning in 90 ms. Found 2 JPA repository interfaces.
2026-08-20T22:48:32.435+05:30  INFO 21100 --- [librarymanagementsystem] [           main] o.s.boot.tomcat.TomcatWebServer          : Tomcat initialized with port 8080 (http)
2026-08-20T22:48:32.462+05:30  INFO 21100 --- [librarymanagementsystem] [           main] o.apache.catalina.core.StandardService   : Starting service [Tomcat]
2026-08-20T22:48:32.462+05:30  INFO 21100 --- [librarymanagementsystem] [           main] o.apache.catalina.core.StandardEngine    : Starting Servlet engine: [Apache Tomcat/11.0.22]
2026-08-20T22:48:32.513+05:30  INFO 21100 --- [librarymanagementsystem] [           main] b.w.c.s.WebApplicationContextInitializer : Root WebApplicationContext: initialization completed in 2895 ms
2026-08-20T22:48:32.988+05:30  INFO 21100 --- [librarymanagementsystem] [           main] org.hibernate.orm.jpa                    : HHH008540: Processing PersistenceUnitInfo [name: default]
2026-08-20T22:48:33.208+05:30  INFO 21100 --- [librarymanagementsystem] [           main] org.hibernate.orm.core                   : HHH000001: Hibernate ORM core version 7.4.1.Final
2026-08-20T22:48:34.663+05:30  INFO 21100 --- [librarymanagementsystem] [           main] o.s.o.j.p.SpringPersistenceUnitInfo      : No LoadTimeWeaver setup: ignoring JPA class transformer
2026-08-20T22:48:34.907+05:30  INFO 21100 --- [librarymanagementsystem] [           main] com.zaxxer.hikari.HikariDataSource       : HikariPool-1 - Starting...
2026-08-20T22:48:35.457+05:30  INFO 21100 --- [librarymanagementsystem] [           main] com.zaxxer.hikari.pool.HikariPool        : HikariPool-1 - Added connection com.mysql.cj.jdbc.ConnectionImpl@64d93096
2026-08-20T22:48:35.466+05:30  INFO 21100 --- [librarymanagementsystem] [           main] com.zaxxer.hikari.HikariDataSource       : HikariPool-1 - Start completed.
2026-08-20T22:48:35.569+05:30  WARN 21100 --- [librarymanagementsystem] [           main] org.hibernate.orm.deprecation            : HHH90000025: MySQLDialect does not need to be specified explicitly using 'hibernate.dialect' (remove the property setting and it will be selected by default)
2026-08-20T22:48:35.617+05:30  INFO 21100 --- [librarymanagementsystem] [           main] org.hibernate.orm.connections.pooling    : HHH10001005: Database info:
	Database JDBC URL [jdbc:mysql://localhost:3306/library_db]
	Database driver: MySQL Connector/J
	Database dialect: MySQLDialect
	Database version: 9.7
	Default catalog/schema: library_db/undefined
	Autocommit mode: undefined/unknown
	Isolation level: REPEATABLE_READ [default REPEATABLE_READ]
	JDBC fetch size: none
	Pool: DataSourceConnectionProvider
	Minimum pool size: undefined/unknown
	Maximum pool size: undefined/unknown
2026-08-20T22:48:36.983+05:30  INFO 21100 --- [librarymanagementsystem] [           main] org.hibernate.orm.core                   : HHH000489: No JTA platform available (set 'hibernate.transaction.jta.platform' to enable JTA platform integration)
2026-08-20T22:48:37.093+05:30  INFO 21100 --- [librarymanagementsystem] [           main] j.LocalContainerEntityManagerFactoryBean : Initialized JPA EntityManagerFactory for persistence unit 'default'
2026-08-20T22:48:37.210+05:30  INFO 21100 --- [librarymanagementsystem] [           main] o.s.d.j.r.query.QueryEnhancerFactories   : Hibernate is in classpath; If applicable, HQL parser will be used.
2026-08-20T22:48:37.782+05:30  WARN 21100 --- [librarymanagementsystem] [           main] JpaBaseConfiguration$JpaWebConfiguration : spring.jpa.open-in-view is enabled by default. Therefore, database queries may be performed during view rendering. Explicitly configure spring.jpa.open-in-view to disable this warning
2026-08-20T22:48:37.839+05:30  WARN 21100 --- [librarymanagementsystem] [           main] .s.a.UserDetailsServiceAutoConfiguration : 

Using generated security password: 0b311d8e-eae6-4bc3-85e8-0aea188e9f5d

This generated password is for development use only. Your security configuration must be updated before running your application in production.

2026-08-20T22:48:37.860+05:30  INFO 21100 --- [librarymanagementsystem] [           main] r$InitializeUserDetailsManagerConfigurer : Global AuthenticationManager configured with UserDetailsService bean with name inMemoryUserDetailsManager
2026-08-20T22:48:38.252+05:30  INFO 21100 --- [librarymanagementsystem] [           main] o.s.b.w.a.WelcomePageHandlerMapping      : Adding welcome page: class path resource [static/index.html]
2026-08-20T22:48:38.809+05:30  INFO 21100 --- [librarymanagementsystem] [           main] o.s.boot.tomcat.TomcatWebServer          : Tomcat started on port 8080 (http) with context path '/'
2026-08-20T22:48:38.830+05:30  INFO 21100 --- [librarymanagementsystem] [           main] l.LibrarymanagementsystemApplication     : Started LibrarymanagementsystemApplication in 10.442 seconds (process running for 11.402)
Hibernate: 
    select
        u1_0.id 
    from
        users u1_0 
    where
        u1_0.email=? 
    limit
        ?
2026-08-20T22:50:46.267+05:30  INFO 21100 --- [librarymanagementsystem] [nio-8080-exec-1] o.a.c.c.C.[Tomcat].[localhost].[/]       : Initializing Spring DispatcherServlet 'dispatcherServlet'
2026-08-20T22:50:46.270+05:30  INFO 21100 --- [librarymanagementsystem] [nio-8080-exec-1] o.s.web.servlet.DispatcherServlet        : Initializing Servlet 'dispatcherServlet'
2026-08-20T22:50:46.286+05:30  INFO 21100 --- [librarymanagementsystem] [nio-8080-exec-1] o.s.web.servlet.DispatcherServlet        : Completed initialization in 0 ms
Hibernate: 
    select
        u1_0.id,
        u1_0.email,
        u1_0.name,
        u1_0.password,
        u1_0.role 
    from
        users u1_0 
    where
        u1_0.email=?
Hibernate: 
    select
        u1_0.id,
        u1_0.email,
        u1_0.name,
        u1_0.password,
        u1_0.role 
    from
        users u1_0 
    where
        u1_0.email=?
Hibernate: 
    select
        b1_0.id,
        b1_0.author,
        b1_0.category,
        b1_0.price,
        b1_0.quantity,
        b1_0.title 
    from
        books b1_0
Hibernate: 
    insert 
    into
        books
        (author, category, price, quantity, title) 
    values
        (?, ?, ?, ?, ?)
Hibernate: 
    select
        b1_0.id,
        b1_0.author,
        b1_0.category,
        b1_0.price,
        b1_0.quantity,
        b1_0.title 
    from
        books b1_0 
    where
        b1_0.id=?
Hibernate: 
    update
        books 
    set
        author=?,
        category=?,
        price=?,
        quantity=?,
        title=? 
    where
        id=?
Hibernate: 
    select
        b1_0.id,
        b1_0.author,
        b1_0.category,
        b1_0.price,
        b1_0.quantity,
        b1_0.title 
    from
        books b1_0
Hibernate: 
    select
        b1_0.id,
        b1_0.author,
        b1_0.category,
        b1_0.price,
        b1_0.quantity,
        b1_0.title 
    from
        books b1_0 
    where
        b1_0.id=?
Hibernate: 
    delete 
    from
        books 
    where
        id=?
Hibernate: 
    select
        b1_0.id,
        b1_0.author,
        b1_0.category,
        b1_0.price,
        b1_0.quantity,
        b1_0.title 
    from
        books b1_0
Hibernate: 
    select
        u1_0.id 
    from
        users u1_0 
    where
        u1_0.email=? 
    limit
        ?
Hibernate: 
    insert 
    into
        users
        (email, name, password, role) 
    values
        (?, ?, ?, ?)
Hibernate: 
    select
        u1_0.id,
        u1_0.email,
        u1_0.name,
        u1_0.password,
        u1_0.role 
    from
        users u1_0 
    where
        u1_0.email=?
Hibernate: 
    select
        u1_0.id,
        u1_0.email,
        u1_0.name,
        u1_0.password,
        u1_0.role 
    from
        users u1_0 
    where
        u1_0.email=?
Hibernate: 
    select
        b1_0.id,
        b1_0.author,
        b1_0.category,
        b1_0.price,
        b1_0.quantity,
        b1_0.title 
    from
        books b1_0
2026-08-21T00:46:38.760+05:30  WARN 21100 --- [librarymanagementsystem] [l-1:housekeeper] com.zaxxer.hikari.pool.HikariPool        : HikariPool-1 - Thread starvation or clock leap detected (housekeeper delta=1h39m32s973ms728탎200ns).
2026-08-21T02:48:05.371+05:30  WARN 21100 --- [librarymanagementsystem] [l-1:housekeeper] com.zaxxer.hikari.pool.HikariPool        : HikariPool-1 - Thread starvation or clock leap detected (housekeeper delta=2h1m26s684ms453탎).
2026-08-21T04:59:01.058+05:30  WARN 21100 --- [librarymanagementsystem] [l-1:housekeeper] com.zaxxer.hikari.pool.HikariPool        : HikariPool-1 - Thread starvation or clock leap detected (housekeeper delta=2h1m25s598ms87탎700ns).
2026-08-21T07:10:20.250+05:30  WARN 21100 --- [librarymanagementsystem] [l-1:housekeeper] com.zaxxer.hikari.pool.HikariPool        : HikariPool-1 - Thread starvation or clock leap detected (housekeeper delta=2h1m19s104ms867탎500ns).
2026-08-21T09:21:45.525+05:30  WARN 21100 --- [librarymanagementsystem] [l-1:housekeeper] com.zaxxer.hikari.pool.HikariPool        : HikariPool-1 - Thread starvation or clock leap detected (housekeeper delta=2h1m25s197ms623탎100ns).
2026-08-21T11:23:41.856+05:30  WARN 21100 --- [librarymanagementsystem] [l-1:housekeeper] com.zaxxer.hikari.pool.HikariPool        : HikariPool-1 - Thread starvation or clock leap detected (housekeeper delta=1h51m56s260ms456탎400ns).
2026-08-21T14:01:33.962+05:30  WARN 21100 --- [librarymanagementsystem] [l-1:housekeeper] com.zaxxer.hikari.pool.HikariPool        : HikariPool-1 - Thread starvation or clock leap detected (housekeeper delta=2h1m21s720ms481탎200ns).
2026-08-21T14:34:51.951+05:30  WARN 21100 --- [librarymanagementsystem] [l-1:housekeeper] com.zaxxer.hikari.pool.HikariPool        : HikariPool-1 - Thread starvation or clock leap detected (housekeeper delta=23m47s911ms114탎).
2026-08-21T15:27:06.683+05:30  WARN 21100 --- [librarymanagementsystem] [l-1:housekeeper] com.zaxxer.hikari.pool.HikariPool        : HikariPool-1 - Thread starvation or clock leap detected (housekeeper delta=4m13s497ms149탎200ns).
