$2a$10$spqJKPo6fJGaQE9JNrjo3uEYpbdU/UQWhu9tDExtVEOotKA.49SFq

  .   ____          _            __ _ _
 /\\ / ___'_ __ _ _(_)_ __  __ _ \ \ \ \
( ( )\___ | '_ | '_| | '_ \/ _` | \ \ \ \
 \\/  ___)| |_)| | | | | || (_| |  ) ) ) )
  '  |____| .__|_| |_|_| |_\__, | / / / /
 =========|_|==============|___/=/_/_/_/

 :: Spring Boot ::                (v4.1.0)

2026-08-30T00:34:26.659+05:30  INFO 24836 --- [librarymanagementsystem] [           main] l.LibrarymanagementsystemApplication     : Starting LibrarymanagementsystemApplication v0.0.1-SNAPSHOT using Java 22.0.1 with PID 24836 (D:\Springboot\librarymanagementsystem\target\librarymanagementsystem-0.0.1-SNAPSHOT.jar started by gourv in D:\Springboot\librarymanagementsystem)
2026-08-30T00:34:26.665+05:30  INFO 24836 --- [librarymanagementsystem] [           main] l.LibrarymanagementsystemApplication     : No active profile set, falling back to 1 default profile: "default"
2026-08-30T00:34:28.101+05:30  INFO 24836 --- [librarymanagementsystem] [           main] .s.d.r.c.RepositoryConfigurationDelegate : Bootstrapping Spring Data JPA repositories in DEFAULT mode.
2026-08-30T00:34:28.188+05:30  INFO 24836 --- [librarymanagementsystem] [           main] .s.d.r.c.RepositoryConfigurationDelegate : Finished Spring Data repository scanning in 65 ms. Found 3 JPA repository interfaces.
2026-08-30T00:34:29.008+05:30  INFO 24836 --- [librarymanagementsystem] [           main] o.s.boot.tomcat.TomcatWebServer          : Tomcat initialized with port 8080 (http)
2026-08-30T00:34:29.040+05:30  INFO 24836 --- [librarymanagementsystem] [           main] o.apache.catalina.core.StandardService   : Starting service [Tomcat]
2026-08-30T00:34:29.040+05:30  INFO 24836 --- [librarymanagementsystem] [           main] o.apache.catalina.core.StandardEngine    : Starting Servlet engine: [Apache Tomcat/11.0.22]
2026-08-30T00:34:29.081+05:30  INFO 24836 --- [librarymanagementsystem] [           main] b.w.c.s.WebApplicationContextInitializer : Root WebApplicationContext: initialization completed in 2353 ms
2026-08-30T00:34:29.490+05:30  INFO 24836 --- [librarymanagementsystem] [           main] org.hibernate.orm.jpa                    : HHH008540: Processing PersistenceUnitInfo [name: default]
2026-08-30T00:34:29.561+05:30  INFO 24836 --- [librarymanagementsystem] [           main] org.hibernate.orm.core                   : HHH000001: Hibernate ORM core version 7.4.1.Final
2026-08-30T00:34:30.461+05:30  INFO 24836 --- [librarymanagementsystem] [           main] o.s.o.j.p.SpringPersistenceUnitInfo      : No LoadTimeWeaver setup: ignoring JPA class transformer
2026-08-30T00:34:30.779+05:30  INFO 24836 --- [librarymanagementsystem] [           main] com.zaxxer.hikari.HikariDataSource       : HikariPool-1 - Starting...
2026-08-30T00:34:31.190+05:30  INFO 24836 --- [librarymanagementsystem] [           main] com.zaxxer.hikari.pool.HikariPool        : HikariPool-1 - Added connection com.mysql.cj.jdbc.ConnectionImpl@4b5aa48b
2026-08-30T00:34:31.193+05:30  INFO 24836 --- [librarymanagementsystem] [           main] com.zaxxer.hikari.HikariDataSource       : HikariPool-1 - Start completed.
2026-08-30T00:34:31.260+05:30  WARN 24836 --- [librarymanagementsystem] [           main] org.hibernate.orm.deprecation            : HHH90000025: MySQLDialect does not need to be specified explicitly using 'hibernate.dialect' (remove the property setting and it will be selected by default)
2026-08-30T00:34:31.286+05:30  INFO 24836 --- [librarymanagementsystem] [           main] org.hibernate.orm.connections.pooling    : HHH10001005: Database info:
	Database JDBC URL [jdbc:mysql://localhost:3306/library_db]
	Database driver: MySQL Connector/J
	Database dialect: MySQLDialect
	Database version: 9.7
	Default catalog/schema: library_db/undefined
	Autocommit mode: undefined/unknown
	Isolation level: REPEATABLE_READ [default REPEATABLE_READ]
	JDBC fetch size: none
	Pool: DataSourceConnectionProvider
	Minimum pool size: undefined/unknown
	Maximum pool size: undefined/unknown
2026-08-30T00:34:32.374+05:30  INFO 24836 --- [librarymanagementsystem] [           main] org.hibernate.orm.core                   : HHH000489: No JTA platform available (set 'hibernate.transaction.jta.platform' to enable JTA platform integration)
2026-08-30T00:34:32.472+05:30  INFO 24836 --- [librarymanagementsystem] [           main] j.LocalContainerEntityManagerFactoryBean : Initialized JPA EntityManagerFactory for persistence unit 'default'
2026-08-30T00:34:32.598+05:30  INFO 24836 --- [librarymanagementsystem] [           main] o.s.d.j.r.query.QueryEnhancerFactories   : Hibernate is in classpath; If applicable, HQL parser will be used.
2026-08-30T00:34:33.076+05:30  WARN 24836 --- [librarymanagementsystem] [           main] JpaBaseConfiguration$JpaWebConfiguration : spring.jpa.open-in-view is enabled by default. Therefore, database queries may be performed during view rendering. Explicitly configure spring.jpa.open-in-view to disable this warning
2026-08-30T00:34:33.121+05:30  WARN 24836 --- [librarymanagementsystem] [           main] .s.a.UserDetailsServiceAutoConfiguration : 

Using generated security password: 4efae4dc-a867-423f-b891-c5c3d3efb9f8

This generated password is for development use only. Your security configuration must be updated before running your application in production.

2026-08-30T00:34:33.137+05:30  INFO 24836 --- [librarymanagementsystem] [           main] r$InitializeUserDetailsManagerConfigurer : Global AuthenticationManager configured with UserDetailsService bean with name inMemoryUserDetailsManager
2026-08-30T00:34:33.437+05:30  INFO 24836 --- [librarymanagementsystem] [           main] o.s.b.w.a.WelcomePageHandlerMapping      : Adding welcome page: class path resource [static/index.html]
2026-08-30T00:34:33.833+05:30  WARN 24836 --- [librarymanagementsystem] [           main] ConfigServletWebServerApplicationContext : Exception encountered during context initialization - cancelling refresh attempt: org.springframework.context.ApplicationContextException: Failed to start bean 'webServerStartStop'
2026-08-30T00:34:33.833+05:30  INFO 24836 --- [librarymanagementsystem] [           main] j.LocalContainerEntityManagerFactoryBean : Closing JPA EntityManagerFactory for persistence unit 'default'
2026-08-30T00:34:33.847+05:30  INFO 24836 --- [librarymanagementsystem] [           main] com.zaxxer.hikari.HikariDataSource       : HikariPool-1 - Shutdown initiated...
2026-08-30T00:34:33.860+05:30  INFO 24836 --- [librarymanagementsystem] [           main] com.zaxxer.hikari.HikariDataSource       : HikariPool-1 - Shutdown completed.
2026-08-30T00:34:33.878+05:30  INFO 24836 --- [librarymanagementsystem] [           main] .s.b.a.l.ConditionEvaluationReportLogger : 

Error starting ApplicationContext. To display the condition evaluation report re-run your application with 'debug' enabled.
2026-08-30T00:34:33.910+05:30 ERROR 24836 --- [librarymanagementsystem] [           main] o.s.b.d.LoggingFailureAnalysisReporter   : 

***************************
APPLICATION FAILED TO START
***************************

Description:

Web server failed to start. Port 8080 was already in use.

Action:

Identify and stop the process that's listening on port 8080 or configure this application to listen on another port.

